cutbtests/err_orphanedtestdef.cpp:3: error: test not in any group
