cutbtests/err_extraneous_group_ending.cpp:5: error: extraneous group ending
