cutbtests/err_beginning_before_ending.cpp:5: error: beginning of the new group before ending of the previous group
