
test/fail_assertion_test.cpp:40: CUTB_ASSERT_EQ_DBL(1.0, dval, 0.01) failed. [fabs(1.000000 - -1.000000) > 0.010000]
